[www.amazon.com/index.html]
[backblue.gif]
[fade.gif]
[index.html]
[www.amazon.com/service-worker.js]
[m.media-amazon.com/images/I/11EIQ5IGqaL._RC_01e5ncglxyL.css,01lF2n-pPaL.css,41SwWPpN5yL.css,31+Z83i6adL.css,01IWMurvs8L.css,01ToTiqCP7L.css,01qPl4hxayL.css,01ITNc8rK9L.css,413Vvv3GONL.css,11TIuySqr6L.css,01Rw4F+QU6L.c]
[www.amazon.com/@c/index.html]
[m.media-amazon.com/images/I/61xJcNKKLXLdce7.js]
[www.amazon.com/@m/index.html]
[www.amazon.com/sp.load.js]
[www.amazon.com/@p/index.html]
[m.media-amazon.com/images/I/51BqsgbDI7L4221.js]
[m.media-amazon.com/images/G/01/gno/sprites/nav-sprite-global-1x-reorg-privacy._CB587940754_.png]
[m.media-amazon.com/images/G/01/javascripts/lib/popover/images/snake._CB485935611_.gif]
[m.media-amazon.com/images/G/01/gno/sprites/timeline_sprite_1x._CB485945973_.png]
[images-na.ssl-images-amazon.com/images/I/4171sdbgqbL6243.css]
[images-na.ssl-images-amazon.com/images/I/41-WpIOxHtL._RC_71P5VoG2PwL.css,415rb7zC-GL.css,11GB7tDtz6L.css,11cb452ZkFL.css,31MqpFX13CL.css,31YZpDCYJPL.css,21pkK7OQMnL.css,41yQj5y2obL.css,110Nj+wUGYL.css,31OvHRW+XiL.css,]
[images-na.ssl-images-amazon.com/images/I/01rGP6HIADL864b.js]
[images-na.ssl-images-amazon.com/images/I/11y85pohsPL._RC_41JZmnaIUdL.js_6243.js]
[images-na.ssl-images-amazon.com/images/I/31IkFoRynML3d57.js]
[www.amazon.com/favicon.ico]
[images-na.ssl-images-amazon.com/images/I/91dn5m6T1dLc8cc.js]
[www.amazon.com/$entities.set]
[www.amazon.com/POST]
[m.media-amazon.com/images/G/01/x-locale/common/transparent-pixel._CB485935036_.gif]
[www.amazon.com/ref=nav_logo.html]
[www.amazon.com/customer-preferences/edit2221.html]
[www.amazon.com/ap/signine662.html]
[www.amazon.com/gp/css/order-history.154328.delayed]
[www.amazon.com/ap/signinfd87.html]
[www.amazon.com/gp/cart/view4fae.html]
[www.amazon.com/gp/site-directory.184a22.delayed]
[www.amazon.com/gp/goldboxd89c.html]
[www.amazon.com/gp/help/customer/display27ca.html]
[www.amazon.com/gp/browse.1b9c2e.delayed]
[www.amazon.com/registries901e.html]
[www.amazon.com/gp/help/customer/accessibility.1d.delayed]
[www.amazon.com/ap/signin149e.html]
[www.amazon.com/b/indexa5f9.html]
[www.amazon.com/gift-cards/b/indexb407.html]
[m.media-amazon.com/images/I/51MOOi-GueL._SX1500_.jpg]
[images-na.ssl-images-amazon.com/images/G/01/AmazonExports/Fuji/2021/June/Fuji_Quad_Headset_1x._SY116_CB667159060_.jpg]
[www.amazon.com/b/ref=AE_EN_Hero_ShipATW/index94a1.html]
[images-na.ssl-images-amazon.com/images/G/01/AmazonExports/Fuji/2021/June/Fuji_Quad_Keyboard_1x._SY116_CB667159063_.jpg]
[images-na.ssl-images-amazon.com/images/G/01/AmazonExports/Fuji/2021/June/Fuji_Quad_Mouse_1x._SY116_CB667159063_.jpg]
[images-na.ssl-images-amazon.com/images/G/01/AmazonExports/Fuji/2021/June/Fuji_Quad_Chair_1x._SY116_CB667159060_.jpg]
[images-na.ssl-images-amazon.com/images/G/01/AMAZON_FASHION/2022/SITE_FLIPS/SPR_22/GW/DQC/DQC_APR_TBYB_W_BOTTOMS_1x._SY116_CB624172947_.jpg]
[www.amazon.com/s/indexf370.html]
[www.amazon.com/s/indexeb65.html]
[images-na.ssl-images-amazon.com/images/G/01/AMAZON_FASHION/2022/SITE_FLIPS/SPR_22/GW/DQC/DQC_APR_TBYB_W_TOPS_1x._SY116_CB623353881_.jpg]
[www.amazon.com/s/indexb576.html]
[www.amazon.com/b/index26d2.html]
[www.amazon.com/s/index9d46.html]
[images-na.ssl-images-amazon.com/images/G/01/AMAZON_FASHION/2022/SITE_FLIPS/SPR_22/GW/DQC/DQC_APR_TBYB_W_DRESSES_1x._SY116_CB623353881_.jpg]
[images-na.ssl-images-amazon.com/images/G/01/AMAZON_FASHION/2022/SITE_FLIPS/SPR_22/GW/DQC/DQC_APR_TBYB_W_SHOES_1x._SY116_CB624172947_.jpg]
[images-na.ssl-images-amazon.com/images/G/01/AmazonExports/Events/2023/EBF23/Fuji_Desktop_Single_image_EBF_1x_v1._SY304_CB573698005_.jpg]
[images-na.ssl-images-amazon.com/images/G/01/launchpad/2023/Gateway/January/DesktopQuadCat_186x116_LP-HP_B08MYX5Q2W_01.23._SY116_CB619238939_.jpg]
[www.amazon.com/s/index891a.html]
[www.amazon.com/s/indexcfa2.html]
[www.amazon.com/s/indexfc7e.html]
[images-na.ssl-images-amazon.com/images/G/01/launchpad/2023/Gateway/January/DesktopQuadCat_186x116_home_B08RCCP3HV_01.23._SY116_CB619238939_.jpg]
[www.amazon.com/s/index34dd.html]
[www.amazon.com/gp/goldbox/index3537.html]
[www.amazon.com/s/index48a6.html]
[www.amazon.com/s/index26ca.html]
[images-na.ssl-images-amazon.com/images/G/01/launchpad/2023/Gateway/January/DesktopQuadCat_186x116_kitchen_B0126LMDFK_01.23._SY116_CB619238939_.jpg]
[images-na.ssl-images-amazon.com/images/G/01/launchpad/2023/Gateway/January/DesktopQuadCat_186x116_health-beauty_B07662GN57_01.23._SY116_CB619238939_.jpg]
[m.media-amazon.com/images/I/41aF1Kpc1iL._SY160_.jpg]
[www.amazon.com/s/index8631.html]
[www.amazon.com/s/index0199.html]
[www.amazon.com/s/index8fd6.html]
[m.media-amazon.com/images/I/41aF1Kpc1iL._SY320_.jpg]
[m.media-amazon.com/images/I/316r7290SLL._SY75_.jpg]
[www.amazon.com/s/indexf5ab.html]
[m.media-amazon.com/images/I/316r7290SLL._SY150_.jpg]
[www.amazon.com/s/index5ee4.html]
[m.media-amazon.com/images/I/31qcGgiIK7L._SY75_.jpg]
[m.media-amazon.com/images/I/31qcGgiIK7L._SY150_.jpg]
[m.media-amazon.com/images/I/313zteqI9LL._SY75_.jpg]
[www.amazon.com/s/indexec1d.html]
[m.media-amazon.com/images/I/313zteqI9LL._SY150_.jpg]
[www.amazon.com/s/index7a08.html]
[images-na.ssl-images-amazon.com/images/I/01AeRSRqmfL430e.js]
[images-na.ssl-images-amazon.com/images/G/01/AmazonExports/Events/2023/EBF23/Fuji_Desktop_Single_image_EBF_1x_v3._SY304_CB573698005_.jpg]
[images-na.ssl-images-amazon.com/images/G/01/AmazonExports/Events/2023/EBF23/Fuji_Desktop_Single_image_EBF_1x_v6._SY304_CB573698005_.jpg]
[www.amazon.com/s/indexa99a.html]
[www.amazon.com/s/index3473.html]
[images-na.ssl-images-amazon.com/images/G/01/AMAZON_FASHION/2023/LuxuryStores/Spring-23/GW/Quad_Cards/Spring/LSS23_SPRING_DT_CAT_CARD_2_x1._SY116_CB595261253_.jpg]
[images-na.ssl-images-amazon.com/images/G/01/AMAZON_FASHION/2023/LuxuryStores/Spring-23/GW/Quad_Cards/Spring/LSS23_SPRING_DT_CAT_CARD_3_x1._SY116_CB595261253_.jpg]
[www.amazon.com/s/index37b4.html]
[www.amazon.com/s/index047c.html]
[www.amazon.com/s/index6e1f.html]
[images-na.ssl-images-amazon.com/images/G/01/AMAZON_FASHION/2023/LuxuryStores/Spring-23/GW/Quad_Cards/Spring/LSS23_SPRING_DT_CAT_CARD_1_x1._SY116_CB595261253_.jpg]
[www.amazon.com/s/index6e6f.html]
[images-na.ssl-images-amazon.com/images/G/01/AMAZON_FASHION/2023/LuxuryStores/Spring-23/GW/Quad_Cards/Spring/LSS23_SPRING_DT_CAT_CARD_4_x1._SY116_CB595261253_.jpg]
[images-na.ssl-images-amazon.com/images/G/01/AmazonExports/Events/2023/EBF23/Fuji_Desktop_Single_image_EBF_1x_v5._SY304_CB573698005_.jpg]
[www.amazon.com/s/index954c.html]
[m.media-amazon.com/images/I/619JG9nYx3L._AC_SY200_.jpg]
[www.amazon.com/s/index25b9.html]
[www.amazon.com/s/index57b4.html]
[www.amazon.com/s/index40b3.html]
[m.media-amazon.com/images/I/510C0vVAN8S._AC_SY200_.jpg]
[m.media-amazon.com/images/I/51PPy5nPn3L._AC_SY200_.jpg]
[www.amazon.com/Twozoh-Fiber-Optic-HDMI-Cable/dp/B09HC2LBTX/index8668.html]
[m.media-amazon.com/images/I/71Pb0-9MMmL._AC_SY200_.jpg]
[m.media-amazon.com/images/I/61D2DDpDITL._AC_SY200_.jpg]
[www.amazon.com/Superbat-Wireless-Extension-Bulkhead-Repeater/dp/B07PBH3VCM/index8668.html]
[m.media-amazon.com/images/I/71fFUd8uf3L._AC_SY200_.jpg]
[www.amazon.com/Tripp-Lite-DisplayPort-Converter-P136-06N-H2V2LB/dp/B077B5YWKJ/index8668.html]
[www.amazon.com/10Gtek-SFP-10G-T-S-Compatible-10GBase-T-Transceiver/dp/B01KFBFL16/index8668.html]
[www.amazon.com/CORSAIR-VENGEANCE-6400MHz-Compatible-Computer/dp/B0BXHC74WD/index8668.html]
[m.media-amazon.com/images/I/61-bH19sQ5L._AC_SY200_.jpg]
[www.amazon.com/SAMSUNG-Internal-Expansion-MZ-V9P2T0B-AM/dp/B0BHJJ9Y77/index8668.html]
[m.media-amazon.com/images/I/51J8HWTtOZL._AC_SY400_.jpg]
[m.media-amazon.com/images/I/61-2YZBnPeL._AC_SY400_.jpg]
[www.amazon.com/Charger-60W-Charging-Samsung-MacBook/dp/B0D17ZKYPZ/index8668.html]
[m.media-amazon.com/images/I/51DCbC2F9vL._AC_SY400_.jpg]
[www.amazon.com/Generic-40x20mm-Cooling-EFB0412VHD-Connector/dp/B07CSNLX3D/index8668.html]
[m.media-amazon.com/images/I/71QuUBZmCSL._AC_SY400_.jpg]
[www.amazon.com/BlasterX-External-Headphone-Surround-Sidetone/dp/B07FY45F2S/index8668.html]
[m.media-amazon.com/images/I/61owv3mreqL._AC_SY400_.jpg]
[m.media-amazon.com/images/I/51Rq0Ax47VL._AC_SY400_.jpg]
[www.amazon.com/Crucial-Internal-Gaming-Desktop-Compatible/dp/B0CK39YR9V/index8668.html]
[www.amazon.com/Thermaltake-CT140-Motherboard-Addressable-CL-F182-PL14SW/dp/B0CY6JXPDT/index8668.html]
[www.amazon.com/Seagate-IronWolf-Enterprise-Internal-ST22000NT001/dp/B0B94NBBJH/index8668.html]
[www.amazon.com/POBADY-Coaxial-Pigtail-Wireless-Repeater/dp/B0C8LXZWNQ/index8668.html]
[m.media-amazon.com/images/I/81YGnt3WkSL._AC_SY400_.jpg]
[m.media-amazon.com/images/I/61rW28s4jaL._AC_SY400_.jpg]
[www.amazon.com/Noctua-NF-A9-PWM-Premium-Cooling/dp/B00RUZ059O/index8668.html]
[m.media-amazon.com/images/I/41zvZgO6ENL._AC_SY400_.jpg]
[www.amazon.com/RUIZHI-Oculus-Accessories-Transfer-Headset/dp/B0C93GGWR9/index8668.html]
[images-na.ssl-images-amazon.com/images/I/11+d9I1l9AL430e.js]
[m.media-amazon.com/images/I/51Cs+uShOtL._AC_SY200_.jpg]
[m.media-amazon.com/images/I/61WjSBh8jUL._AC_SY200_.jpg]
[m.media-amazon.com/images/I/61PdZczFXSL._AC_SY200_.jpg]
[www.amazon.com/Fortinet-FAP-221E-FortiAP-221E-Indoor-Wireless/dp/B0741QZV4Q/index8668.html]
[www.amazon.com/Zangboer-Cabinet-Restraint-Protector-Mounting/dp/B0CH2GNJQW/index808a.html]
[www.amazon.com/SocalHomeBrew-Bourgovin-Saccharomyces-cerevisiae-Pouch/dp/B007P5NJN8/index808a.html]
[m.media-amazon.com/images/I/51uoQULDLkL._AC_SY200_.jpg]
[www.amazon.com/Sabrent-4-Port-Individual-Switches-HB-UM43/dp/B00JX1ZS5O/index808a.html]
[m.media-amazon.com/images/I/51unP6uE4WL._AC_SY200_.jpg]
[m.media-amazon.com/images/I/51zgrgugoJL._AC_SY200_.jpg]
[www.amazon.com/Thickened-Telescopic-hollowing-Decoration-Inspection/dp/B0CMV9CHGN/index808a.html]
[m.media-amazon.com/images/I/31JGmlOnJvL._AC_SY200_.jpg]
[m.media-amazon.com/images/I/71WGkL97uvL._AC_SY400_.jpg]
[www.amazon.com/Cabinet-Restraint-Cupboard-Protector-Stainless/dp/B0C13G54X3/index808a.html]
[www.amazon.com/Biodance-Bio-Collagen-Tightening-Hydrating-Molecular/dp/B0B2RM68G2/index808a.html]
[m.media-amazon.com/images/I/61NFkX7td8L._AC_SY400_.jpg]
[www.amazon.com/Cabinet-Restraint-Opening-Limiter-Screws/dp/B0C61LZ1WC/index808a.html]
[m.media-amazon.com/images/I/61xIHz1621L._AC_SY400_.jpg]
[www.amazon.com/Perforated-Silicone-Reusable-Cooking-Nonstick/dp/B0CNXPF761/index808a.html]
[m.media-amazon.com/images/I/61+LSoUMk0L._AC_SY400_.jpg]
[m.media-amazon.com/images/I/61zmhEbxSTL._AC_SY400_.jpg]
[www.amazon.com/Brady-M21-750-7425-Polypropylene-Printer-Package/dp/B00A7HRHIO/index808a.html]
[www.amazon.com/Mielle-Rosemary-Mint-Scalp-Strengthening/dp/B07N7PK9QK/index808a.html]
[www.amazon.com/Creative-Confidence-Unleashing-Potential-Within/dp/038534936X/index808a.html]
[www.amazon.com/Brady-Adhesion-Cloth-Label-M21-375-499/dp/B003XU7SOU/index808a.html]
[m.media-amazon.com/images/I/614mGPh2SVL._AC_SY400_.jpg]
[m.media-amazon.com/images/I/71aR6WAVntL._AC_SY400_.jpg]
[m.media-amazon.com/images/I/61TerMtYL6L._AC_SY400_.jpg]
[m.media-amazon.com/images/I/61KmJiAgWPL._AC_SY400_.jpg]
[m.media-amazon.com/images/I/715uhoM05YL._AC_SY400_.jpg]
[www.amazon.com/MIUFLY-Police-Camera-Enforcement-Display/dp/B07YBQK5PL/index808a.html]
[m.media-amazon.com/images/I/51DK8emC34L._AC_SY400_.jpg]
[www.amazon.com/Mosalogic-Flying-Mosquito-Catcher-Attractant/dp/B09YXPRQWW/index808a.html]
[www.amazon.com/Safer-SH502-2SR-Indoor-Flying-Insects/dp/B0CQ8RSTDW/index808a.html]
[www.amazon.com/LOVIMAG-Conductive-Shielding-Repellent-Electrical/dp/B071JKLFXX/index808a.html]
[www.amazon.com/VT-COSMETICS-Hydrated-Poreless-Hyaluronic/dp/B0C2TQ24VY/index808a.html]
[www.amazon.com/HayEastdor-Connectors-Sprinkler-Irrigation-Extension/dp/B0C6273GNX/index808a.html]
[m.media-amazon.com/images/I/51gkzDpYFpL._AC_SY400_.jpg]
[m.media-amazon.com/images/I/61ECiil95IL._AC_SY400_.jpg]
[www.amazon.com/Honeywell-Thermostat-Sensor-Touchscreen-Display/dp/B07N83WK9T/index808a.html]
[m.media-amazon.com/images/I/51V573ESFcL._AC_SY400_.jpg]
[m.media-amazon.com/images/I/61KBUbBBnHL._AC_SY400_.jpg]
[www.amazon.com/Visibility-Reflective-Adjustable-Lightweight-Wholesale/dp/B079CJW1G1/index808a.html]
[m.media-amazon.com/images/I/51uhkWu3s+L._AC_SY400_.jpg]
[www.amazon.com/Dell-DisplayPort-to-HDMI-Adapter/dp/B06XQZ2XDD/index808a.html]
[m.media-amazon.com/images/I/51fYs7catOL._AC_SY400_.jpg]
[www.amazon.com/Lalvin-Bourgovin-Saccharomyces-Cerevisiae-Pouchs/dp/B071DR32VW/index808a.html]
[m.media-amazon.com/images/I/71cAVEdHt9L._AC_SY400_.jpg]
[m.media-amazon.com/images/I/71Q+RM7CTBL._AC_SY400_.jpg]
[m.media-amazon.com/images/I/61tc6IPeQ1L._AC_SY400_.jpg]
[www.amazon.com/Loctite-Pneumatic-Hydraulic-Sealant-36-Milliliter/dp/B003XZB54O/index808a.html]
[www.amazon.com/4-3-Connector-Female-Adapter-Adaptor/dp/B07ZFNCJ5N/index808a.html]
[www.amazon.com/Scotch-Mount-Double-Extreme-Mounting-Adhesive/dp/B00FUEN2GK/index808a.html]
[m.media-amazon.com/images/I/71zy9fdPQHL._AC_SY400_.jpg]
[www.amazon.com/BlenderBottle-Classic-Shaker-Bottle-20-Ounce/dp/B01LYR4L38/index808a.html]
[m.media-amazon.com/images/I/619GXdy2OuL._AC_SY400_.jpg]
[www.amazon.com/30-Gauge-Inch-Needle-Individually/dp/B0CSWJG8WP/index808a.html]
[m.media-amazon.com/images/I/81F58jw2DcL._AC_SY400_.jpg]
[www.amazon.com/Wavytalk-Curling-Interchangeable-Ceramic-Instant/dp/B0BN63JQS5/index808a.html]
[www.amazon.com/StarTech-com-Mini-DisplayPort-HDMI-Adapter/dp/B01M24BCN3/index808a.html]
[images-na.ssl-images-amazon.com/images/G/01/AmazonExports/Fuji/2021/September/DashboardCards/Fuji_Dash_SmartWatch_1X._SY304_CB639922137_.jpg]
[www.amazon.com/Eshazu-Woodworking-Painters-Particles-Surfaces/dp/B0BB9RCDWN/index808a.html]
[www.amazon.com/s/indexba5a.html]
[images-na.ssl-images-amazon.com/images/G/01/img22/Events/Fall23/FALL23_Oct_Wreaths_Decor_QuadCard_D_01_186x116._SY116_CB596234042_.jpg]
[images-na.ssl-images-amazon.com/images/G/01/img22/Events/Fall23/FALL23_HP_Oct_Decor_QuadCard_D_03_186x116._SY116_CB596234042_.jpg]
[images-na.ssl-images-amazon.com/images/G/01/img22/Events/Fall23/FALL23_Oct_Pillows_Decor_QuadCard_D_02_186x116._SY116_CB596234042_.jpg]
[images-na.ssl-images-amazon.com/images/G/01/img22/Events/Fall23/FALL23_HP_Oct_Decor_QuadCard_D_04_186x116._SY116_CB596234042_.jpg]
[www.amazon.com/s/index338b.html]
[images-na.ssl-images-amazon.com/images/G/01/AmazonExports/Fuji/2021/June/Fuji_Quad_Apparel_1x._SY116_CB667159060_.jpg]
[www.amazon.com/s/index8d0c.html]
[www.amazon.com/s/indexea2b.html]
[www.amazon.com/s/indexb38a.html]
[images-na.ssl-images-amazon.com/images/G/01/AmazonExports/Fuji/2021/June/Fuji_Quad_Hat_1x._SY116_CB667159060_.jpg]
[images-na.ssl-images-amazon.com/images/G/01/AmazonExports/Fuji/2021/June/Fuji_Quad_Figure_1x._SY116_CB667159060_.jpg]
[www.amazon.com/s/indexc68b.html]
[www.amazon.com/s/indexaeb8.html]
[images-na.ssl-images-amazon.com/images/G/01/AmazonExports/Fuji/2021/June/Fuji_Quad_Mug_1x._SY116_CB667159063_.jpg]
[images-na.ssl-images-amazon.com/images/G/01/AmazonExports/Events/2024/DskBTFQuadCards/Fuji_BTF_Quad_Cards_1x_For_her._SY116_CB558654384_.jpg]
[www.amazon.com/s/index4cab.html]
[www.amazon.com/s/index2794.html]
[www.amazon.com/b/indexd6b7.html]
[www.amazon.com/s/indexdf87.html]
[images-na.ssl-images-amazon.com/images/G/01/AmazonExports/Events/2024/DskBTFQuadCards/Fuji_BTF_Quad_Cards_1x_For_him._SY116_CB558654384_.jpg]
[images-na.ssl-images-amazon.com/images/G/01/AmazonExports/Events/2024/DskBTFQuadCards/Fuji_BTF_Quad_Cards_1x_For_teens._SY116_CB558654384_.jpg]
[images-na.ssl-images-amazon.com/images/G/01/AmazonExports/Events/2024/DskBTFQuadCards/Fuji_BTF_Quad_Cards_1x_For_kids._SY116_CB558654384_.jpg]
[www.amazon.com/s/index9513.html]
[www.amazon.com/s/index7833.html]
[www.amazon.com/s/index056f.html]
[m.media-amazon.com/images/I/81cqVE2vwvL._AC_SY200_.jpg]
[m.media-amazon.com/images/I/71HH+CAgaJL._AC_SY200_.jpg]
[www.amazon.com/s/index1228.html]
[www.amazon.com/s/index1324.html]
[m.media-amazon.com/images/I/81K9KkKNVOL._AC_SY200_.jpg]
[m.media-amazon.com/images/I/71AtfshHiGL._AC_SY200_.jpg]
[m.media-amazon.com/images/I/71ZNyTPaV1L._AC_SY200_.jpg]
[m.media-amazon.com/images/I/71F9Zs+qhdL._AC_SY200_.jpg]
[www.amazon.com/Furiosa-Mad-Saga-Ultra-Digital/dp/B0D3VHPLW1/index52e0.html]
[www.amazon.com/Twister-4K-UHD-Helen-Hunt/dp/B0D49X2P79/index52e0.html]
[m.media-amazon.com/images/I/81vIRhMoKHL._AC_SY200_.jpg]
[www.amazon.com/Ghostbusters-Frozen-Empire-Digital-Blu-Ray/dp/B0CWLRZ9VH/index52e0.html]
[m.media-amazon.com/images/I/91DNmPovY+L._AC_SY400_.jpg]
[www.amazon.com/Boy-Heron-Limited-Steelbook-Blu-ray/dp/B0D133GSPC/index52e0.html]
[www.amazon.com/Dune-Part-Two-Ultra-Digital/dp/B0CW3DTWNG/index52e0.html]
[www.amazon.com/Abigail-Blu-ray-DVD-Digital-Stevens/dp/B0D1KZK1TS/index52e0.html]
[m.media-amazon.com/images/I/71OP8gOVMEL._AC_SY400_.jpg]
[www.amazon.com/Furiosa-Mad-Saga-Blu-ray-Digital/dp/B0D3VGRXYM/index52e0.html]
[m.media-amazon.com/images/I/61pWQhd0-hL._AC_SY400_.jpg]
[m.media-amazon.com/images/I/71FAta-17wL._AC_SY400_.jpg]
[www.amazon.com/Kingdom-Planet-Apes-Digital-Blu-ray/dp/B0D8JDCJTF/index52e0.html]
[www.amazon.com/Godzilla-Kong-Empire-Ultra-Digital/dp/B0CY9Y3H3P/index52e0.html]
[www.amazon.com/Paramount-Presents-Bringing-Blu-Ray-Digital/dp/B0D7W5JY1Y/index52e0.html]
[www.amazon.com/Boy-Heron-Blu-ray-DVD/dp/B0D1334CZC/index52e0.html]
[m.media-amazon.com/images/I/717bMx0AiXL._AC_SY400_.jpg]
[m.media-amazon.com/images/I/814eTntftQL._AC_SY400_.jpg]
[m.media-amazon.com/images/I/71hE73ha6OL._AC_SY400_.jpg]
[m.media-amazon.com/images/I/611RP6ainiL._AC_SY400_.jpg]
[m.media-amazon.com/images/I/91ybHf2mi4L._AC_SY400_.jpg]
[www.amazon.com/Godzilla-Kong-Empire-Blu-ray-Digital/dp/B0CYBK5RT9/index52e0.html]
[www.amazon.com/Fall-Guy-Ultra-Blu-ray-Digital/dp/B0D2LWPV9M/index52e0.html]
[www.amazon.com/Lord-Rings-Trilogy-Collection-Theatrical/dp/B08KJP4SHG/index52e0.html]
[m.media-amazon.com/images/I/71h7HHb9lIL._AC_SY400_.jpg]
[www.amazon.com/Dexters-Laboratory-Complete-DVD-Various/dp/B0D2KLZ865/index52e0.html]
[m.media-amazon.com/images/I/81T6WFYUejL._AC_SY400_.jpg]
[m.media-amazon.com/images/I/81O+BMeRFsL._AC_SY400_.jpg]
[m.media-amazon.com/images/I/61NJU2v7PNL._AC_SY400_.jpg]
[www.amazon.com/Ghostbusters-Frozen-Empire-Combo-Digital/dp/B0CWLS98SX/index52e0.html]
[www.amazon.com/Lord-Rings-Picture-Extended-Theatrical/dp/B08KQBYM1Y/index52e0.html]
[www.amazon.com/Ministry-Ungentlemanly-Warfare-Digital-Steelbook/dp/B0CYRR2SKT/index52e0.html]
[www.amazon.com/Kingdom-Planet-Apes-Digital-Steelbook/dp/B0D8J9HYGD/index52e0.html]
[m.media-amazon.com/images/I/81Sgvinf8qL._AC_SY400_.jpg]
[m.media-amazon.com/images/I/71VqZh-HhoL._AC_SY400_.jpg]
[m.media-amazon.com/images/I/71IXM3sX7-L._AC_SY400_.jpg]
[www.amazon.com/South-Park-Bigger-Blu-Ray-Digital/dp/B0D1RHNCBP/index52e0.html]
[www.amazon.com/Driver-Ultra-SteelBook-Blu-ray-Digital/dp/B0D1RHVS6F/index52e0.html]
[www.amazon.com/Drive-4K-Ultra-HD-SteelBook/dp/B0D5YSWYCX/index52e0.html]
[m.media-amazon.com/images/I/81daeIK9pXL._AC_SY400_.jpg]
[www.amazon.com/Ted-Lasso-Richmond-Way-Blu-ray/dp/B0D2JYSSY9/index52e0.html]
[m.media-amazon.com/images/I/8115yTKlBCL._AC_SY400_.jpg]
[m.media-amazon.com/images/I/81FiIgeszuL._AC_SY400_.jpg]
[m.media-amazon.com/images/I/81yPW4dzcoL._AC_SY400_.jpg]
[www.amazon.com/Friday-13th-Limited-4K-UHD/dp/B0D8JS547T/index52e0.html]
[m.media-amazon.com/images/I/81cVyMQN3NL._AC_SY400_.jpg]
[www.amazon.com/Chronicles-Riddick-Limited-4K-UHD/dp/B0D8JTTX3D/index52e0.html]
[m.media-amazon.com/images/I/71chsrekeVL._AC_SY400_.jpg]
[www.amazon.com/Mexico-Trilogy-Mariachi-Desperado-Blu-ray/dp/B0D5ZMXM45/index52e0.html]
[www.amazon.com/UHF-35th-Anniversary-Ultra-Blu-ray/dp/B0D1333SVX/index52e0.html]
[www.amazon.com/GODZILLA-SHOWA-ERA-1954-1975-Criterion-Collection/dp/B07VLJ9KB6/index52e0.html]
[m.media-amazon.com/images/I/71b3gXIuwtL._AC_SY400_.jpg]
[m.media-amazon.com/images/I/61YSg1spuxL._AC_SY200_.jpg]
[m.media-amazon.com/images/I/61NFkX7td8L._AC_SY200_.jpg]
[m.media-amazon.com/images/I/41dFlrFNS0L._AC_SY200_.jpg]
[www.amazon.com/Fall-Guy-Blu-ray-Digital/dp/B0D2LZ9YN7/index52e0.html]
[m.media-amazon.com/images/I/71XCQlkIl7L._AC_SY200_.jpg]
[www.amazon.com/Monkey-Man-Ultra-Blu-ray-Digital/dp/B0D16YYLQC/index52e0.html]
[www.amazon.com/Mielle-Rosemary-Mint-Scalp-Strengthening/dp/B07N7PK9QK/index2bed.html]
[www.amazon.com/Mielle-Rosemary-Mint-Strengthening-Shampoo/dp/B07N7MWX72/index2bed.html]
[m.media-amazon.com/images/I/41UwJ9NihPL._AC_SY200_.jpg]
[www.amazon.com/COLOR-WOW-Lock-Gloss-Finish/dp/B00G187C0Q/index2bed.html]
[m.media-amazon.com/images/I/71GXYPuRF-L._AC_SY200_.jpg]
[m.media-amazon.com/images/I/8139kZStJ6L._AC_SY200_.jpg]
[m.media-amazon.com/images/I/71mA3cOiFGL._AC_SY400_.jpg]
[www.amazon.com/TENS-7000-Official-Unit-Pads/dp/B07G5GQFR6/index2bed.html]
[www.amazon.com/Learn-Korean-Book-Package-Amazon/dp/B09N3DDG31/index2bed.html]
[www.amazon.com/Mielle-Rosemary-Mint-Hair-Masque/dp/B07N7NBYSP/index2bed.html]
[m.media-amazon.com/images/I/61BDMDUOdoL._AC_SY400_.jpg]
[m.media-amazon.com/images/I/418OR8-+aWL._AC_SY400_.jpg]
[www.amazon.com/Final-Fantasy-VII-Rebirth-PlayStation-5/dp/B0CGXZQ4CD/index2bed.html]
[www.amazon.com/Upgraded-Ultrasonic-Repellent-Electronic-Switching/dp/B0C52Z94TC/index2bed.html]
[www.amazon.com/Paulas-Choice-SKIN-Pore-Reducing-Antioxidants-Large-Combination/dp/B008EPPIQ4/index2bed.html]
[m.media-amazon.com/images/I/71ZPTfu5A4L._AC_SY400_.jpg]
[www.amazon.com/Tangerine-Sensitive-Treatment-Anti-Aging-Hyperpigmentation/dp/B09VK94MSL/index2bed.html]
[www.amazon.com/Italia-Deluxe-Ultra-Liner-color/dp/B013VWRYXE/index2bed.html]
[m.media-amazon.com/images/I/517bzyjHTvL._AC_SY400_.jpg]
[m.media-amazon.com/images/I/71lXynKt8GL._AC_SY400_.jpg]
[m.media-amazon.com/images/I/91AtC7jFIZL._AC_SY400_.jpg]
[m.media-amazon.com/images/I/61nnPL0tYuL._AC_SY400_.jpg]
[www.amazon.com/LG-AN-MR20GA-Magic-Remote-Control/dp/B08D1VF18M/index2bed.html]
[www.amazon.com/Water-Growth-Serum-Shampoo-Conditioner/dp/B0CFXLWWG3/index2bed.html]
[www.amazon.com/R2-4K-Dashboard-Camera-Recorder-Vision/dp/B074JT3698/index2bed.html]
[www.amazon.com/Retrofit-Silverado-Avalanche-Suburban-Cadillac/dp/B09GJPRXX6/index2bed.html]
[m.media-amazon.com/images/I/917Bc9C1MlL._AC_SY400_.jpg]
[m.media-amazon.com/images/I/51ao57cIvqL._AC_SY400_.jpg]
[m.media-amazon.com/images/I/41tFi33Pi6L._AC_SY400_.jpg]
[m.media-amazon.com/images/I/51bq9isTjWL._AC_SY400_.jpg]
[www.amazon.com/Iron-Flame-Empyrean-Rebecca-Yarros/dp/1649374178/index2bed.html]
[www.amazon.com/ANUA-Heartleaf-Cleansing-Cleanser-Blackheads/dp/B0BN2PX8V3/index2bed.html]
[www.amazon.com/Dongar-Compatible-Frontier-Infiniti-Connects/dp/B07KZSBC54/index2bed.html]
[www.amazon.com/Bubble-Skincare-Fresh-Start-Cleanser/dp/B0BSYNNP86/index2bed.html]
[m.media-amazon.com/images/I/411-MigJxfL._AC_SY400_.jpg]
[m.media-amazon.com/images/I/61XYqHnXUsL._AC_SY400_.jpg]
[m.media-amazon.com/images/I/71OraJO4ZhL._AC_SY400_.jpg]
[m.media-amazon.com/images/I/61YOJb9hDQL._AC_SY400_.jpg]
[www.amazon.com/Thermal-Grizzly-Kryonaut-Grease-Paste/dp/B011F7W3LU/index2bed.html]
[www.amazon.com/Zomee-Tube-Connector-Tubing-Set/dp/B07TB264SK/index2bed.html]
[www.amazon.com/Medicube-Collagen-Wrapping-Elasticity-Hydration/dp/B0BRMYHMS5/index2bed.html]
[www.amazon.com/Extra-Strong-Extension-0-17fl-oz-5ml/dp/B01N143CA0/index2bed.html]
[m.media-amazon.com/images/I/81Ji0-8KNfL._AC_SY400_.jpg]
[m.media-amazon.com/images/I/712nA5Rq+RL._AC_SY400_.jpg]
[m.media-amazon.com/images/I/91CN0HstfNL._AC_SY400_.jpg]
[www.amazon.com/KOORUI-Computer-Compatible-DisplayPort-Adjustable/dp/B0BNDZWC3L/index2bed.html]
[m.media-amazon.com/images/I/71XwC5MsWuL._AC_SY400_.jpg]
[www.amazon.com/One-Piece-Vol-104/dp/197474129X/index2bed.html]
[m.media-amazon.com/images/I/81c7SyLvQPL._AC_SY400_.jpg]
[www.amazon.com/VTech-VM5463-2-Activated-Ceiling-Projection/dp/B089P4LQQH/index2bed.html]
[m.media-amazon.com/images/I/61PRRXLNjtL._AC_SY400_.jpg]
[images-na.ssl-images-amazon.com/images/G/01/DiscoTec/2024/CE/GamingWeek24/Homepage/DQC/CE24_SUM_GW_DQC_NW_GamingWeek_PC_v2_1x._SY116_CB558844445_.jpg]
[www.amazon.com/Sud-Antimicrobial-Exfoliator-Sensitive-Exfoliating/dp/B0CGXBGB17/index2bed.html]
[www.amazon.com/Acrylic-Paints-Plastic-Ceramic-Resistant/dp/B088N8QRC9/index2bed.html]
[www.amazon.com/Pincush-Magnetic-Montessori-Matching-Style/dp/B0C6QVMZP2/index2bed.html]
[www.amazon.com/s/index7a3a.html]
[images-na.ssl-images-amazon.com/images/G/01/DiscoTec/2024/CE/GamingWeek24/Homepage/DQC/CE24_SUM_GW_DQC_NE_GamingWeek_Xbox_v2_1x._SY116_CB558844445_.jpg]
[images-na.ssl-images-amazon.com/images/G/01/DiscoTec/2024/CE/GamingWeek24/Homepage/DQC/CE24_SUM_GW_DQC_SW_GamingWeek_Sony_v2_1x._SY116_CB558844445_.jpg]
[images-na.ssl-images-amazon.com/images/G/01/DiscoTec/2024/CE/GamingWeek24/Homepage/DQC/CE24_SUM_GW_DQC_SE_GamingWeek_Nintendo_v2_1x._SY116_CB558844445_.jpg]
[images-na.ssl-images-amazon.com/images/G/01/AmazonExports/Events/2024/DskBTFQuadCards/Fuji_BTF_Quad_Cards_1x_Kitchen._SY116_CB558654384_.jpg]
[www.amazon.com/s/indexc627.html]
[www.amazon.com/s/indexa803.html]
[www.amazon.com/s/index7ce8.html]
[www.amazon.com/b/index912f.html]
[images-na.ssl-images-amazon.com/images/G/01/AmazonExports/Events/2024/DskBTFQuadCards/Fuji_BTF_Quad_Cards_1x_Home_decor._SY116_CB558654384_.jpg]
[images-na.ssl-images-amazon.com/images/G/01/AmazonExports/Events/2024/DskBTFQuadCards/Fuji_BTF_Quad_Cards_1x_Dining._SY116_CB558654384_.jpg]
[images-na.ssl-images-amazon.com/images/G/01/AmazonExports/Events/2024/DskBTFQuadCards/Fuji_BTF_Quad_Cards_1x_Smart_home._SY116_CB558654384_.jpg]
[www.amazon.com/s/index00e2.html]
[images-na.ssl-images-amazon.com/images/G/01/AmazonExports/Events/2023/EBF23/Fuji_Desktop_Single_image_EBF_1x_v8._SY304_CB573698005_.jpg]
[www.amazon.com/s/indexcc48.html]
[www.amazon.com/s/indexe1f0.html]
[www.amazon.com/s/indexa438.html]
[www.amazon.com/s/indexfd45.html]
[images-na.ssl-images-amazon.com/images/G/01/AmazonExports/Events/2024/DskBTFQuadCards/Fuji_BTF_Quad_Cards_1x_Playground_sets._SY116_CB558654384_.jpg]
[images-na.ssl-images-amazon.com/images/G/01/AmazonExports/Events/2024/DskBTFQuadCards/Fuji_BTF_Quad_Cards_1x_STEM_toys_or_learning_toys._SY116_CB558654384_.jpg]
[images-na.ssl-images-amazon.com/images/G/01/AmazonExports/Events/2024/DskBTFQuadCards/Fuji_BTF_Quad_Cards_1x_Action_figure._SY116_CB558654384_.jpg]
[www.amazon.com/s/index6647.html]
[www.amazon.com/s/index8b08.html]
[www.amazon.com/s/indexd423.html]
[www.amazon.com/s/index9363.html]
[images-na.ssl-images-amazon.com/images/G/01/AmazonExports/Events/2024/DskBTFQuadCards/Fuji_BTF_Quad_Cards_1x_Pretend_Play_Toys._SY116_CB558654384_.jpg]
[m.media-amazon.com/images/I/61nYRQJY0TL._AC_SY200_.jpg]
[www.amazon.com/s/index8a3e.html]
[m.media-amazon.com/images/I/81pfp2AKx7L._AC_SY200_.jpg]
[www.amazon.com/s/indexd18e.html]
[m.media-amazon.com/images/I/716CQxKIsRL._AC_SY200_.jpg]
[www.amazon.com/DESIRABLE-AUTHORITY-BIG-PHARMA-Connections/dp/B0D73WFYRL/index1a82.html]
[m.media-amazon.com/images/I/51weXvue+gL._AC_SY200_.jpg]
[m.media-amazon.com/images/I/A1AnhZ60Q4L._AC_SY200_.jpg]
[www.amazon.com/Monster-Coretta-Scott-King-Honor/dp/0060280778/index1a82.html]
[www.amazon.com/Serenity-Alienation-Arwa-Beshlawi/dp/B0D6MRBHKZ/index1a82.html]
[www.amazon.com/Do-Safety-Differently-Sidney-Dekker/dp/B09RM3Z17V/index1a82.html]
[www.amazon.com/Mosques-Splendors-Islam-Leyla-Uluhanli/dp/0847860353/index1a82.html]
[m.media-amazon.com/images/I/91lw9wkX7sL._AC_SY200_.jpg]
[m.media-amazon.com/images/I/61dU2YgXK1L._AC_SY200_.jpg]
[m.media-amazon.com/images/I/61x4p8R+XVL._AC_SY400_.jpg]
[www.amazon.com/Babys-Sleep-Poop-Journal-Book/dp/0976779803/index1a82.html]
[m.media-amazon.com/images/I/61YZhedWPNL._AC_SY400_.jpg]
[www.amazon.com/100-Healthcare-Ideas-Applications-Revolutionizing/dp/B0D8M98H6F/index1a82.html]
[m.media-amazon.com/images/I/91plodynIIL._AC_SY400_.jpg]
[www.amazon.com/Financial-Services-Ideas-Applications-Revolutionizing/dp/B0D8M3VR58/index1a82.html]
[m.media-amazon.com/images/I/813Tti8Cs1L._AC_SY400_.jpg]
[m.media-amazon.com/images/I/71pOQyqJoSL._AC_SY400_.jpg]
[www.amazon.com/DESIRABLE-AUTHORITY-BIG-PHARMA-Connections/dp/B0D73Z63B7/index1a82.html]
[m.media-amazon.com/images/I/61K8W7CAjBL._AC_SY400_.jpg]
[www.amazon.com/Mecca-Blessed-Medina-Radiant-Holiest/dp/0804849161/index1a82.html]
[www.amazon.com/Year-Tech-2024-Insights-Business/dp/1647826012/index1a82.html]
[www.amazon.com/History-Muslim-World-Origins-Modernity/dp/0691236577/index1a82.html]
[m.media-amazon.com/images/I/61IA5VqPaTL._AC_SY400_.jpg]
[www.amazon.com/Clay-Tablets-Raed-Al-Jishi/dp/9948869206/index1a82.html]
[m.media-amazon.com/images/I/6123qnQOvxL._AC_SY400_.jpg]
[m.media-amazon.com/images/I/61tDi3+vgzL._AC_SY400_.jpg]
[m.media-amazon.com/images/I/81q6ecxcZUL._AC_SY400_.jpg]
[www.amazon.com/adventures-Ducklin-Escape-Adventure/dp/B0D3FKLSGM/index1a82.html]
[m.media-amazon.com/images/I/91eTFT8tk2L._AC_SY400_.jpg]
[www.amazon.com/CATRINS-JOURNEY-Swedish-Woman-Finding/dp/B0CHL19RQT/index1a82.html]
[m.media-amazon.com/images/I/91+LabWS9TL._AC_SY400_.jpg]
[www.amazon.com/Reckless-Powerless-Trilogy-Lauren-Roberts/dp/1665955430/index1a82.html]
[www.amazon.com/Co-Intelligence-Living-Working-Ethan-Mollick/dp/059371671X/index1a82.html]
[www.amazon.com/Protocols-Operating-Manual-Human-Body/dp/1668032147/index1a82.html]
[www.amazon.com/New-Arab-Journalist/dp/9774164482/index1a82.html]
[m.media-amazon.com/images/I/71KQrb2ocAL._AC_SY400_.jpg]
[m.media-amazon.com/images/I/81O6JfipQhL._AC_SY400_.jpg]
[m.media-amazon.com/images/I/711c-uf6AFL._AC_SY400_.jpg]
[m.media-amazon.com/images/I/61DQWDPt7KL._AC_SY400_.jpg]
[www.amazon.com/Clear-Quran-Dr-Mustafa-Khattab/dp/097730096X/index1a82.html]
[www.amazon.com/Book-Bill-Alex-Hirsch/dp/1368092209/index1a82.html]
[www.amazon.com/My-First-Library-Boxset-Board/dp/9387779262/index1a82.html]
[m.media-amazon.com/images/I/61f4akNCgYL._AC_SY400_.jpg]
[www.amazon.com/Fifth-Discipline-Fieldbook-Strategies-Organization/dp/0385472560/index1a82.html]
[www.amazon.com/Start-Success-Stories-Successful-Executives/dp/B0D6KRVQS8/index1a82.html]
[m.media-amazon.com/images/I/61Ga-ZFeDXL._AC_SY400_.jpg]
[m.media-amazon.com/images/I/818+1n0OF-L._AC_SY400_.jpg]
[m.media-amazon.com/images/I/71GGLePaJUL._AC_SY400_.jpg]
[m.media-amazon.com/images/I/61hbexKclIL._AC_SY400_.jpg]
[www.amazon.com/INSPIRED-Create-Tech-Products-Customers/dp/1119387507/index1a82.html]
[www.amazon.com/Sinfonía-Spanish-Marta-Watts/dp/B0D77R7W6S/index1a82.html]
[www.amazon.com/Architectural-Digest-100-Century-Style/dp/1419733338/index1a82.html]
[m.media-amazon.com/images/I/51Vj1VI+PgL._AC_SY400_.jpg]
[m.media-amazon.com/images/I/71zk9HeaL4L._AC_SY400_.jpg]
[www.amazon.com/Presence-Human-Purpose-Field-Future/dp/0385516304/index1a82.html]
[m.media-amazon.com/images/I/71wpE+ZIehL._AC_SY200_.jpg]
[m.media-amazon.com/images/I/81KYcp48kgL._AC_SY200_.jpg]
[www.amazon.com/Vanity-Fair-100-Years-Jazz/dp/1419708635/index1a82.html]
[www.amazon.com/Finer-Things-Timeless-Furniture-Textiles/dp/0770434290/index1a82.html]
[www.amazon.com/Nintendo-SwitchTM-Neon-Blue-Joy‑ConTM-Switch/dp/B0BFJWCYTL/index4ea1.html]
[m.media-amazon.com/images/I/81XgxHQBXIL._AC_SY200_.jpg]
[m.media-amazon.com/images/I/61I66N7SE6L._AC_SY200_.jpg]
[m.media-amazon.com/images/I/81zfw4XfhBL._AC_SY200_.jpg]
[m.media-amazon.com/images/I/71rJtTsZs+L._AC_SY200_.jpg]
[m.media-amazon.com/images/I/8180PnYzsxL._AC_SY200_.jpg]
[m.media-amazon.com/images/I/61-brviSA9L._AC_SY400_.jpg]
[www.amazon.com/Super-Mario-Bros-TM-Wonder-Nintendo-Version/dp/B0C8VHZR14/index4ea1.html]
[m.media-amazon.com/images/I/71FE4-P8hwL._AC_SY400_.jpg]
[www.amazon.com/Paper-Mario-Thousand-Year-Door-Nintendo-Switch/dp/B0CXQ7N9Z6/index4ea1.html]
[m.media-amazon.com/images/I/61nqNujSF2L._AC_SY400_.jpg]
[www.amazon.com/Meta-Quest-128GB-Breakthrough-Reality-3/dp/B0C8VKH1ZH/index4ea1.html]
[www.amazon.com/Luigis-Mansion-2-HD-Nintendo-Switch/dp/B0CXQ96LNJ/index4ea1.html]
[www.amazon.com/TISHLED-Typewriter-Mechanical-Keyboard-Detachable/dp/B0CNKSYTPC/index4ea1.html]
[www.amazon.com/Marvel-vs-Capcom-Fighting-Collection-Classics/dp/B0D7NQN715/index4ea1.html]
[m.media-amazon.com/images/I/810iANmKbOL._AC_SY400_.e9.delayed]
[www.amazon.com/Fornight-V-Bucks-Twister-Parent/dp/B0CPTGNS3G/index4ea1.html]
[www.amazon.com/Robux-Roblox-Online-Game-Code/dp/B07RX6FBFR/index4ea1.html]
[www.amazon.com/Princess-PeachTM-Showtime-Version-Nintendo-Switch/dp/B0CJ3CKLRH/index4ea1.html]
[www.amazon.com/Nintendo-Switch-OLED-Model-White-Joy/dp/B098RKWHHZ/index4ea1.html]
[m.media-amazon.com/images/I/81aJ-R4E6gL._AC_SY400_.jpg]
[m.media-amazon.com/images/I/91M8HM0QlDL._AC_SY400_.jpg]
[m.media-amazon.com/images/I/8180PnYzsxL._AC_SY400_.jpg]
[m.media-amazon.com/images/I/81gu2dFpntL._AC_SY400_.jpg]
[www.amazon.com/Super-Smash-Bros-Ultimate-Nintendo-Switch/dp/B01N5OKGLH/index4ea1.html]
[www.amazon.com/Marvel-vs-Capcom-Fighting-Collection-4/dp/B0D7NSB8XV/index4ea1.html]
[www.amazon.com/DRAGON-QUEST-HD-2D-Remake-Nintendo-Switch/dp/B0D71SHR5B/index4ea1.html]
[www.amazon.com/Bluey-Videogame-Nintendo-Switch/dp/B0CJ3GM5CS/index4ea1.html]
[m.media-amazon.com/images/I/81aE0GBL2mL._AC_SY400_.jpg]
[m.media-amazon.com/images/I/81UfEdvf2kL._AC_SY400_.jpg]
[m.media-amazon.com/images/I/81-FD3tzUlL._AC_SY400_.jpg]
[m.media-amazon.com/images/I/61RkIpLOP4L._AC_SY400_.jpg]
[m.media-amazon.com/images/I/71cqKUzEdDL._AC_SY400_.jpg]
[m.media-amazon.com/images/I/71zo4HRQLyL._AC_SY400_.jpg]
[www.amazon.com/EA-SPORTS-College-Football-25-PlayStation/dp/B0D3PBB78P/index4ea1.html]
[www.amazon.com/Animal-Crossing-New-Horizons-Nintendo-Switch/dp/B07SL6ZXBL/index4ea1.html]
[www.amazon.com/Luigis-Mansion-3-Nintendo-Switch/dp/B07SK4W1VJ/index4ea1.html]
[www.amazon.com/ManbaOne-Interactive-Wireless-Controller-PC-Remappable/dp/B0CY83CL2D/index4ea1.html]
[m.media-amazon.com/images/I/71YbMhc-JLL._AC_SY400_.jpg]
[m.media-amazon.com/images/I/61I66N7SE6L._AC_SY400_.jpg]
[www.amazon.com/Nintendo-Switch-Sports/dp/B09KRK6C82/index4ea1.html]
[www.amazon.com/Robux-Roblox-Online-Game-Code/dp/B07RZ74VLR/index4ea1.html]
[www.amazon.com/Star-Wars-Heritage-Pack-Nintendo-Switch/dp/B0CK4Y8YLG/index4ea1.html]
[www.amazon.com/Meta-Quest-512GB-Breakthrough-Reality-3/dp/B0CD1JTBSC/index4ea1.html]
[images-na.ssl-images-amazon.com/images/G/01/dex/2023/Roar/October/D_CC_Roar_OfficeDepot_1023_1X_Furnitrure_v2._SY304_CB577544739_.jpg]
[images-na.ssl-images-amazon.com/images/G/01/AmazonExports/GWRefresh/MobileBTF/QC6/2024_QuadCard_Candles_186x116._SY116_CB557718780_.jpg]
[images-na.ssl-images-amazon.com/images/G/01/AmazonExports/GWRefresh/MobileBTF/QC6/2024_QuadCard_Pillows_186x116._SY116_CB557731121_.jpg]
[www.amazon.com/s/indexa100.html]
[images-na.ssl-images-amazon.com/images/G/01/AmazonExports/GWRefresh/MobileBTF/QC6/2024_QuadCard_IndoorGardening_186x116._SY116_CB557731121_.jpg]
[images-na.ssl-images-amazon.com/images/G/01/AmazonExports/GWRefresh/MobileBTF/QC6/2024_QuadCard_StorageOrg_186x116._SY116_CB557731121_.jpg]
[images-na.ssl-images-amazon.com/images/G/01/US-hq/2023/img/Consumer_Electronics/XCM_CUTTLE_1546843_2940864_379x304_1X_en_US._SY304_CB613273467_.jpg]
[www.amazon.com/s/index9342.html]
[www.amazon.com/s/indexef6d.html]
[www.amazon.com/s/index12e1.html]
[www.amazon.com/s/index9d3e.html]
[images-na.ssl-images-amazon.com/images/G/01/AmazonExports/Events/2024/DskBTFQuadCards/Fuji_BTF_Quad_Cards_1x_Desktops._SY116_CB558654384_.jpg]
[images-na.ssl-images-amazon.com/images/G/01/AmazonExports/Events/2024/DskBTFQuadCards/Fuji_BTF_Quad_Cards_1x_laptop._SY116_CB558654384_.jpg]
[images-na.ssl-images-amazon.com/images/G/01/AmazonExports/Events/2024/DskBTFQuadCards/Fuji_BTF_Quad_Cards_1x_Hard_Drives._SY116_CB558654384_.jpg]
[www.amazon.com/s/index7f95.html]
[www.amazon.com/s/index2a7a.html]
[www.amazon.com/s/indexd3d9.html]
[images-na.ssl-images-amazon.com/images/G/01/AmazonExports/Events/2024/DskBTFQuadCards/Fuji_BTF_Quad_Cards_1x_Accessories._SY116_CB558654384_.jpg]
[www.amazon.com/s/index5307.html]
[www.amazon.com/s/indexffe9.html]
[www.amazon.com/s/indexbf3d.html]
[m.media-amazon.com/images/I/71zy9fdPQHL._AC_SY200_.jpg]
[m.media-amazon.com/images/I/71bquof8rZL._AC_SY200_.jpg]
[www.amazon.com/s/index2ddd.html]
[m.media-amazon.com/images/I/71CQ6esBqFL._AC_SY200_.jpg]
[m.media-amazon.com/images/I/71PH4FRvxoL._AC_SY200_.jpg]
[m.media-amazon.com/images/I/617zsCC0YSL._AC_SY200_.jpg]
[www.amazon.com/Wavytalk-Curling-Interchangeable-Ceramic-Instant/dp/B0BN63JQS5/indexab3f.html]
[www.amazon.com/VEYOFLY-Flying-Insect-Catcher-Indoors/dp/B0BJ1LXR8B/indexab3f.html]
[www.amazon.com/WHOOP-4-0-Month-Subscription-Optimization/dp/B0BWSF6H4Q/indexab3f.html]
[www.amazon.com/Pediatape-Pediatric-Dosing-Tape-Version/dp/B0BZQG9HVC/indexab3f.html]
[m.media-amazon.com/images/I/71UrrzOGvWL._AC_SY200_.jpg]
[m.media-amazon.com/images/I/61Sp0SuAlrL._AC_SY200_.jpg]
[m.media-amazon.com/images/I/51nUn5wcj7L._AC_SY400_.jpg]
[m.media-amazon.com/images/I/41X7QXzkB1L._AC_SY400_.jpg]
[m.media-amazon.com/images/I/718gDsQdTVL._AC_SY400_.jpg]
[www.amazon.com/Wavytalk-Thermal-Creates-Blowout-Smoother/dp/B0CL5TJWLF/indexab3f.html]
[www.amazon.com/Conductive-Shielding-Repellent-Electrical-Grounding/dp/B085VXS4PT/indexab3f.html]
[www.amazon.com/PHOEBE-Curling-Ceramic-Tourmaline-Traveling/dp/B0BKPV378T/indexab3f.html]
[www.amazon.com/ANUA-Heartleaf-Quercetinol-Pore-Cleansing/dp/B0BVV8BNYJ/indexab3f.html]
[m.media-amazon.com/images/I/51UYq7UwqrL._AC_SY400_.jpg]
[www.amazon.com/Niacinamide-Tranexamic-Hyaluronic-Sensitive-Fragrance-Free/dp/B0CLLV2T1P/indexab3f.html]
[www.amazon.com/Curious-Giraffe-Jungle-Discovery-Hidden/dp/1733956174/indexab3f.html]
[www.amazon.com/ANUA-Heartleaf-Cleansing-Cleanser-Blackheads/dp/B0BN2PX8V3/indexab3f.html]
[www.amazon.com/Color-Dream-Supernatural-Spray-Multi-award-winning/dp/B073CWSQ51/indexab3f.html]
[m.media-amazon.com/images/I/71JAmZ-mQLL._AC_SY400_.jpg]
[m.media-amazon.com/images/I/61XQkahxO7L._AC_SY400_.jpg]
[m.media-amazon.com/images/I/71uaiqA5FYL._AC_SY400_.jpg]
[www.amazon.com/Kyabo-Germall-Plus-Natural-Preservative/dp/B08KHPS5JY/indexab3f.html]
[m.media-amazon.com/images/I/71JC+GbjXyL._AC_SY400_.jpg]
[www.amazon.com/Evridwear-Resistant-Resitant-Protective-Abrasion/dp/B07QL33DJS/indexab3f.html]
[m.media-amazon.com/images/I/51JF7kNDiXL._AC_SY400_.jpg]
[www.amazon.com/Libeauty-Eyelash-Lamination-Curling-Coloring/dp/B09BHRPY24/indexab3f.html]
[m.media-amazon.com/images/I/71T-RSzqdUL._AC_SY400_.jpg]
[www.amazon.com/Corega-Denture-Adhesive-Original-Strong/dp/B01MCT7Y39/indexab3f.html]
[m.media-amazon.com/images/I/715CXVXfWyL._AC_SY400_.jpg]
[www.amazon.com/BESIGN-Ground-Isolator-Stereo-System/dp/B06XQYN77L/indexab3f.html]
[m.media-amazon.com/images/I/51XdyLfX5KL._AC_SY400_.jpg]
[m.media-amazon.com/images/I/71dT2VeLJQL._AC_SY400_.jpg]
[www.amazon.com/Water-Dental-Flosser-Teeth-Pick/dp/B0BG52SJ5N/indexab3f.html]
[www.amazon.com/SINLAND-Microfiber-washcloth-Cleansing-13Inchx13Inch/dp/B07X6LD6XG/indexab3f.html]
[www.amazon.com/Water-Dental-flosser-Teeth-Cleaning/dp/B09KPJ8R4Q/indexab3f.html]
[www.amazon.com/URJD-Universal-International-Worldwide-Countries/dp/B0CJX5X1ZQ/indexab3f.html]
[m.media-amazon.com/images/I/51lW8D-uc0L._AC_SY400_.jpg]
[m.media-amazon.com/images/I/61HjoIKeayL._AC_SY400_.jpg]
[m.media-amazon.com/images/G/01/personalization/ybh/loading-4x-gray._CB485916920_.gif]
[www.amazon.com/gp/history.html]
[www.amazon.com/AC-Power-Cord-Prong-Computers/dp/B08HRNDRQY/indexab3f.html]
[www.amazon.com/MainBasics-Scrubber-Dual-Sided-Bristles-Brushing/dp/B0BKGCK5C2/indexab3f.html]
[www.amazon.com/gp/browse09ce.html]
[www.amazon.com/gp/seller-account/mm-summary-page.11a6637.delayed]
[www.amazon.com/dp/B07984JN3L0a2e.html]
[www.amazon.com/b/index8c9e.html]
[www.amazon.com/gp/browse12a9.html]
[www.amazon.com/gp/browse9753.html]
[www.amazon.com/gp/browse3b7c.html]
[www.amazon.com/gp/help/customer/display963b.html]
[www.amazon.com/gp/css/homepaged0da.html]
[www.amazon.com/gp/css/order-history.121908c.delayed]
[www.amazon.com/ap/signina5ef.html]
[www.amazon.com/gp/help/customer/display2ec7.html]
[www.amazon.com/gp/css/returns/homepage.1248577.delayed]
[www.amazon.com/ap/signincded.html]
[www.amazon.com/gp/digital/fiona/manage.1266fe7.delayed]
[www.amazon.com/ap/signinf4a9.html]
[www.amazon.com/gp/help/customer/display78e4.html]
[www.amazon.com/customer-preferences/editaf5c.html]
[www.amazon.com/index7d95.html]
[www.amazon.com/customer-preferences/edite6da.html]
[www.amazon.com/customer-preferences/country5e3e.html]
[www.amazon.com/business/register/org/landing2ba1.html]
[www.amazon.com/gp/browse0ac7.html]
[www.amazon.com/gp/browse.html/ref=vas_sf_load_bd6e.html]
[www.amazon.com/gp/browsee63b.html]
[www.amazon.com/gp/help/customer/displayc7c5.html]
[www.amazon.com/gp/help/customer/display2099.html]
[www.amazon.com/gp/help/customer/display7380.html]
[www.amazon.com/privacyprefsc985.html]
[ab39574e9c081973df06f17d0d458f8b2.profile.cgk51-p3.cloudfront.net/test.png]
[www.amazon.com/c.138.delayed]
[m.media-amazon.com/images/I/31mqNgZQVBL15ad.js]
[m.media-amazon.com/images/I/31ULjw05G7L7622.js]
[m.media-amazon.com/images/I/81IRhb3ysdLac85.js]
[images-na.ssl-images-amazon.com/images/I/31bJewCvY-L.js]
[m.media-amazon.com/images/G/01/csm/showads.v2fb02.js]
[c.amazon-adsystem.com/bao-csm/forensics/a9-tq-forensics-incremental.min.js]
[www.amazon.com/index.html]
[m.media-amazon.com/images/S/sash/McBZv0ZvnbehkIx.png]
[m.media-amazon.com/images/S/sash/fo5c7019B0Hy4wH.png]
[m.media-amazon.com/images/S/sash/CKWYNOHAO2meoCm.png]
[m.media-amazon.com/images/S/sash/ydDD9hnRfziI$y7.png]
[m.media-amazon.com/images/I/11EIQ5IGqaL._RC_01e5ncglxyL.css,01lF2n-pPaL.css,41SwWPpN5yL.css,31+Z83i6adL.css,01IWMurvs8L.css,01ToTiqCP7L.css,01qPl4hxayL.css,01ITNc8rK9L.css,413Vvv3GONL.css,11TIuySqr6L.css,01Rw4F+QU6L.c]
[www.amazon.com/@c/index.html]
[www.amazon.com/@m/index.html]
[www.amazon.com/@p/index.html]
[m.media-amazon.com/images/I/61xJcNKKLXLdce7.js]
[www.amazon.com/sp.load.html]
[m.media-amazon.com/images/I/51BqsgbDI7L4221.js]
[m.media-amazon.com/images/S/sash/16Ce0wZkrsCr$en.png]
[m.media-amazon.com/images/S/sash/XbXEZE76MQS35vU.png]
[m.media-amazon.com/images/S/sash/o0-5CNwwMa9asQf.gif]
[m.media-amazon.com/images/S/sash/vfqcwUkuArEiwD2.png]
[m.media-amazon.com/images/S/sash/fe2UeLQmJ11kKHN.png]
[m.media-amazon.com/images/S/sash/jkRuHu16eujI0WC.png]
[images-na.ssl-images-amazon.com/images/G/01/associates/publisher-studio/sitestripe-sprite-new.png]
[images-na.ssl-images-amazon.com/images/I/41-WpIOxHtL._RC_71P5VoG2PwL.css,415rb7zC-GL.css,11GB7tDtz6L.css,11cb452ZkFL.css,31MqpFX13CL.css,31YZpDCYJPL.css,21pkK7OQMnL.css,41yQj5y2obL.css,110Nj+wUGYL.css,31OvHRW+XiL.css,]
[m.media-amazon.com/images/S/sash/ZUrWp0pf42vcaeo.gif]
[images-na.ssl-images-amazon.com/images/I/4171sdbgqbL6243.css]
[images-na.ssl-images-amazon.com/images/I/01rGP6HIADL864b.js]
[www.amazon.com/document.location.href]
[images-na.ssl-images-amazon.com/images/I/11y85pohsPL._RC_41JZmnaIUdL.js_6243.js]
[images-na.ssl-images-amazon.com/images/I/31IkFoRynML3d57.js]
[www.amazon.com/transmuxer-worker.worker.js]
[www.amazon.com/decrypter-worker.worker.js]
[images-na.ssl-images-amazon.com/images/I/91dn5m6T1dLc8cc.js]
[www.amazon.com/$entities.html]
[www.amazon.com/POST.html]
[m.media-amazon.com/images/I/61ZS63EQSsLdce7.js]
[images-na.ssl-images-amazon.com/images/I/11y85pohsPL._RC_41jWkdimWrL.js_6243.js]
[images-na.ssl-images-amazon.com/images/I/31YI0nnbQAL3d57.js]
[m.media-amazon.com/images/I/11hWowzAzrL._RC_01DMPtWL0bL.css,01Jr3+Uq9AL.css,41nHmSDwC5L.css,31l5x1EYzpL.css,01LrCOoyLXL.css,11r1PlnBWFL.css,01Brx6+fBpL.css,01rhj7BIeEL.css,41DMhNn+NGL.css,11s9b1jPVCL.css,01i9N7e-hBL.c]
[images-na.ssl-images-amazon.com/images/I/91ADP-eLKzLc8cc.js]
[www.amazon.com/ref=nav_bb_logo.html]
[www.amazon.com/gp/css/homepage.html/ref=nav_bb_ya.html]
[www.amazon.com/gp/help/customer/display.html/ref=nav_bb_help.html]
[m.media-amazon.com/images/G/01/gno/images/general/backup-logo_blue._CB481621655_.png]
[m.media-amazon.com/images/G/01/gno/images/general/backup-logo_blue_2x._CB481604563_.png]
[www.amazon.com/gp/cart/view.html/ref=nav_bb_cart.html]
[m.media-amazon.com/images/I/61IlupYtztL._SX1500_.jpg]
[images-na.ssl-images-amazon.com/images/G/01/digital/video/web-explore/low_res_pv_banner._SY304_CB602119513_.jpg]
[images-na.ssl-images-amazon.com/images/G/01/AMAZON_FASHION/2020/journeys/NTE3Zjc1NTEt/NTE3Zjc1NTEt-ZWVhMjc2YjAt-w186._SY116_CB410473316_.jpg]
[images-na.ssl-images-amazon.com/images/G/01/AMAZON_FASHION/2020/journeys/NTE3Zjc1NTEt/NTE3Zjc1NTEt-N2IwYmQwNGIt-w186._SY116_CB428347147_.jpg]
[images-na.ssl-images-amazon.com/images/G/01/AMAZON_FASHION/2020/journeys/NTE3Zjc1NTEt/NTE3Zjc1NTEt-MzBhMzU0M2Mt-w186._SY116_CB428347144_.jpg]
[images-na.ssl-images-amazon.com/images/G/01/AMAZON_FASHION/2020/journeys/NTE3Zjc1NTEt/NTE3Zjc1NTEt-YjliNzM1M2Mt-w186._SY116_CB428347147_.jpg]
[images-na.ssl-images-amazon.com/images/G/01/AmazonServices/Site/US/Product/FBA/Outlet/Merchandising/Outlet_GW_BS_DSC_379x304._SY304_CB409178716_.jpg]
[images-na.ssl-images-amazon.com/images/G/01/US-hq/2021/img/Toys_Internet/XCM_CUTTLE_1373515_1950504_US_379x304_1X_en_US._SY304_CB639569634_.jpg]
[images-na.ssl-images-amazon.com/images/G/01/img18/home/journeys/OWFhYjJmNGIt/OWFhYjJmNGIt-NzIwODU5ZmIt-w379._SY304_CB405958196_.jpg]
[images-na.ssl-images-amazon.com/images/G/01/kindle/journeys/YjAwMjVmYjUt/YjAwMjVmYjUt-YmMzZGJjMzYt-w379._SY304_CB410321238_.jpg]
[images-na.ssl-images-amazon.com/images/G/01/img18/home/journeys/MjJkZGVlZDYt/MjJkZGVlZDYt-OGRmN2JmYWEt-w379._SY304_CB410698465_.jpg]
[www.amazon.com/b/indexc51b.html]
[images-na.ssl-images-amazon.com/images/G/01/softlines/shopbop/ingress/2020/CategoryCards/mp_20200604_fashion_desktopsinglecategory_desktop_379x304._SY304_CB430707313_.jpg]
[www.amazon.com/gp/video/storefront/indexc294.html]
[www.amazon.com/b/index3e60.html]
[www.amazon.com/b/indexc8c5.html]
[www.amazon.com/ref=nav_bb_footer_logo.html]
[www.amazon.com/b/indexa823.html]
[www.amazon.com/b/index6aa2.html]
[www.amazon.com/b/index1aed.html]
[www.amazon.com/b/ref=OUT_BS_DSC_D_EN_US/indexddb2.html]
[www.amazon.com/gp/help/customer/display1d6b.html]
[www.amazon.com/b/index92b2.html]
[www.amazon.com/b/index1c10.html]
[www.amazon.com/b/index7360.html]
[www.amazon.com/stores/page/2712FB81-2E38-404F-ADE3-2858C4903F3A/index096c.html]
[www.amazon.com/gp/help/customer/display0652.html]
[www.amazon.com/b/indexd6dc.html]
[www.amazon.com/gp/help/customer/displaybdf9.html]
[m.media-amazon.com/images/I/31l-zh+FR2Lb7f1.js]
[m.media-amazon.com/images/I/81BKPXF14nLac85.js]
[www.amazon.com/ref=nav_logo.html]
[www.amazon.com/customer-preferences/@c/index.html]
[www.amazon.com/customer-preferences/index.html]
[www.amazon.com/customer-preferences/@m/index.html]
[www.amazon.com/customer-preferences/sp.load.16e.delayed]
[www.amazon.com/customer-preferences/@p/index.html]
[www.amazon.com/customer-preferences/$entities.set]
[www.amazon.com/customer-preferences/POST]
[www.amazon.com/ap/signinb8eb.html]
[www.amazon.com/customer-preferences/decodeURIComponent(encodedRedirectUrl]
[www.amazon.com/customer-preferences/http_/www.amazon.com/index.html]
[www.amazon.com/customer-preferences/edit21a1.html]
[www.amazon.com/customer-preferences/GET]
[www.amazon.com/customer-preferences/edit2221.html]
[images-na.ssl-images-amazon.com/images/I/61A6IErPNXL._RC_11Fd9tJOdtL.css,11tfezETfFL.css,31Q3id-QR0L.css,31U9HrBLKmL.css_b1fc.css]
[images-na.ssl-images-amazon.com/images/I/01SdjaY0ZsL._RC_31jdWD+JB+L.css,51a-Srr-vTL.css_7e0c.css]
[images-na.ssl-images-amazon.com/images/I/21N2V6fmOuLc8b6.css]
[images-na.ssl-images-amazon.com/images/I/01wGDSlxwdLf98e.js]
[images-na.ssl-images-amazon.com/images/I/41iPIJpGx7Lc8b6.js]
[images-na.ssl-images-amazon.com/images/I/8150jbgvn9Lf1d7.js]
[images-na.ssl-images-amazon.com/images/I/31jdfgcsPAL5973.js]
[images-na.ssl-images-amazon.com/images/I/71KpCrHpq0L99db.js]
[images-na.ssl-images-amazon.com/images/I/51RddlGAZmLfef7.js]
[images-na.ssl-images-amazon.com/images/I/8177uTcYaeLac85.js]
[static.siege-amazon.com/prod/profiles/AuthenticationPortalSigninNA.js]
[images-na.ssl-images-amazon.com/images/I/A1bfdSKFkcLa250.js]
[www.amazon.com/404]
[www.amazon.com/gp/copilot/handlers/copilot_strings_resources.186.delayed]
[www.amazon.com/ref=ap_frn_logo.html]
[www.amazon.com/gp/help/customer/display.html/ref=ap_cookie_error_helpd41d.html]
[www.amazon.com/gp/help/customer/display.html/ref=ap_signin_notification_condition_of_usea848.html]
[www.amazon.com/gp/help/customer/display.html/ref=ap_signin_notification_privacy_notice0583.html]
[www.amazon.com/ap/forgotpasswordd463.html]
[www.amazon.com/gp/help/customer/account-issues/ref=ap_login_with_otp_claim_collectiona09c.html]
[www.amazon.com/business/register/welcome.18d8285.delayed]
[www.amazon.com/ap/register8b37.html]
[www.amazon.com/gp/help/customer/display.html/ref=ap_desktop_footer_coua848.html]
[www.amazon.com/gp/help/customer/display.html/ref=ap_desktop_footer_privacy_notice0583.html]
[www.amazon.com/ap/signine662.html]
[www.amazon.com/ap/forgotpassword5e9b.html]
[www.amazon.com/ap/signinfd87.html]
[www.amazon.com/ap/register5e9b.html]
[images-na.ssl-images-amazon.com/images/I/01lVd4YiL+La417.css]
[images-na.ssl-images-amazon.com/images/I/31x7xyXuXxL._RC_41myxhOUctL.css,01vF6gFybxL.css_5a9d.css]
[images-na.ssl-images-amazon.com/images/I/21erbSjwfKLbf8c.css]
[images-na.ssl-images-amazon.com/images/I/31MfUzZkHxL284a.css]
[images-na.ssl-images-amazon.com/images/I/01NdXlDE17Lae87.css]
[images-na.ssl-images-amazon.com/images/I/01rdVnPkgmL._RC_01CzAMryqJL.css_a900.html]
[www.amazon.com/gp/cart/view4fae.html]
[www.amazon.com/gp/site-directory4a22.html]
[www.amazon.com/gp/goldboxd89c.html]
[www.amazon.com/gp/help/customer/display27ca.html]
